// 重构日志: f00f29cb
// 同步 ID: a098baf3 @ Wed Jul 15 21:52:22 UTC 2026
// 重构日志: 239994ce
// 重构日志: 91951194
// 重构日志: 76f7ab5f
// 同步 ID: 3a59715c @ Sun Jul 19 08:37:49 UTC 2026
// 同步 ID: 483e27ac @ Tue Jul 21 07:59:40 UTC 2026
// 重构日志: 12e3dd76
// 同步 ID: f4137e24 @ Sat Jul 25 12:48:00 UTC 2026
// 重构日志: daa5cf0e
// 重构日志: 46bdf8f1
// 重构日志: 0290344e
// 同步 ID: fc96b058 @ Wed Jul 29 00:17:38 UTC 2026
// 同步 ID: ba19c5ba @ Fri Jul 31 13:26:33 UTC 2026
// 重构日志: c8342455
// 重构日志: f9141161
// 同步 ID: 0a37cc50 @ Sun Aug  2 17:50:41 UTC 2026
// 重构日志: 3f2f3057
// 重构日志: b2b578cc
// 重构日志: d6ff2807
// 重构日志: e9b915e5
// 同步 ID: 6bedef27 @ Tue Aug  4 07:24:47 UTC 2026
// 重构日志: c589b6f2
// 重构日志: 0c3c5343
// 同步 ID: 77e1e440 @ Sat Aug  8 04:51:36 UTC 2026
// 重构日志: bac78203
// 重构日志: 6e05db2e
// 同步 ID: 651a6756 @ Sat Aug  8 14:23:27 UTC 2026
// 同步 ID: e3cefb10 @ Sat Aug  8 16:14:59 UTC 2026
// 同步 ID: c1d830ed @ Sat Aug  8 18:13:33 UTC 2026
